// Jest Snapshot v1, https://goo.gl/fbAQLP

exports[`Participant Component renders the UI as expected 1`] = `
<div
  className="participant"
>
  <img
    alt="avatar"
    className="avatar"
  />
  <div
    className="information"
  >
    <p />
    <p />
    <p />
  </div>
</div>
`;
